[2025-05-01T20:16:04.644Z] 🛰️ Job iniciado y programado correctamente
[2025-05-01T20:18:44.566Z] 🛰️ Job iniciado y programado correctamente
[2025-05-01T20:18:58.665Z] 🛰️ Job iniciado y programado correctamente
[2025-05-01T20:19:29.273Z] 🛰️ Job iniciado y programado correctamente
[2025-05-01T20:19:49.578Z] 🛰️ Job iniciado y programado correctamente
[2025-05-01T20:19:50.628Z] ✅ Imagen del día guardada: 2025-05-01
[2025-05-01T20:20:03.036Z] 🛰️ Job iniciado y programado correctamente
[2025-05-01T20:27:57.218Z] 🛰️ Job iniciado y programado correctamente
[2025-05-01T20:29:35.651Z] 🛰️ Job iniciado y programado correctamente
[2025-05-01T20:32:43.450Z] 🛰️ Job iniciado y programado correctamente
[2025-05-01T20:32:50.450Z] 🛰️ Job iniciado y programado correctamente
[2025-05-01T20:33:45.165Z] 🛰️ Job iniciado y programado correctamente
[2025-05-01T20:39:40.734Z] 🟡 Imagen del 2025-05-01 ya existe
[2025-05-01T20:41:02.869Z] 🟡 Imagen del 2025-05-01 ya existe
[2025-05-02T00:05:01.730Z] 🟡 Imagen del 2025-05-01 ya existe, no se insertó
[2025-05-02T05:41:35.944Z] ✅ Imagen del día guardada: 2025-05-02
[2025-05-02T05:43:11.162Z] 🛰️ Job iniciado y programado correctamente
[2025-05-02T05:43:14.706Z] 🛰️ Job iniciado y programado correctamente
[2025-05-02T16:21:56.894Z] 🛰️ Job iniciado y programado correctamente
[2025-05-02T16:22:04.993Z] 🛰️ Job iniciado y programado correctamente
[2025-05-02T16:22:28.732Z] 🛰️ Job iniciado y programado correctamente
[2025-05-02T17:28:26.475Z] 🛰️ Job iniciado y programado correctamente
[2025-05-02T17:28:37.458Z] 🛰️ Job iniciado y programado correctamente
[2025-05-02T17:28:54.608Z] 🛰️ Job iniciado y programado correctamente
[2025-05-02T17:29:00.854Z] 🛰️ Job iniciado y programado correctamente
[2025-05-02T17:29:18.780Z] 🛰️ Job iniciado y programado correctamente
[2025-05-02T17:29:26.229Z] 🛰️ Job iniciado y programado correctamente
[2025-05-02T17:32:04.402Z] 🛰️ Job iniciado y programado correctamente
[2025-05-02T17:38:02.538Z] 🛰️ Job iniciado y programado correctamente
[2025-05-02T17:43:48.920Z] 🛰️ Job iniciado y programado correctamente
[2025-05-02T17:43:55.769Z] 🛰️ Job iniciado y programado correctamente
[2025-05-02T17:44:37.540Z] 🛰️ Job iniciado y programado correctamente
[2025-05-02T17:44:41.285Z] 🛰️ Job iniciado y programado correctamente
[2025-05-02T17:45:27.861Z] 🛰️ Job iniciado y programado correctamente
[2025-05-02T17:45:33.389Z] 🛰️ Job iniciado y programado correctamente
[2025-05-02T17:45:39.391Z] 🛰️ Job iniciado y programado correctamente
[2025-05-02T17:45:54.930Z] 🛰️ Job iniciado y programado correctamente
[2025-05-02T17:46:06.364Z] 🛰️ Job iniciado y programado correctamente
[2025-05-02T17:56:14.569Z] 🛰️ Job iniciado y programado correctamente
[2025-05-02T17:56:31.998Z] 🛰️ Job iniciado y programado correctamente
[2025-05-02T17:57:08.417Z] 🛰️ Job iniciado y programado correctamente
[2025-05-02T17:57:17.041Z] 🛰️ Job iniciado y programado correctamente
[2025-05-02T18:25:14.779Z] 🛰️ Job iniciado y programado correctamente
[2025-05-02T18:48:25.235Z] 🛰️ Job iniciado y programado correctamente
[2025-05-02T18:48:42.962Z] 🛰️ Job iniciado y programado correctamente
[2025-05-02T18:49:24.656Z] 🛰️ Job iniciado y programado correctamente
[2025-05-02T18:53:10.578Z] 🛰️ Job iniciado y programado correctamente
[2025-05-02T19:30:17.006Z] 🛰️ Job iniciado y programado correctamente
[2025-05-02T20:44:17.333Z] 🛰️ Job iniciado y programado correctamente
[2025-05-02T20:44:22.202Z] 🛰️ Job iniciado y programado correctamente
[2025-05-02T20:51:20.322Z] 🛰️ Job iniciado y programado correctamente
[2025-05-02T20:51:28.474Z] 🛰️ Job iniciado y programado correctamente
[2025-05-02T20:51:44.714Z] 🛰️ Job iniciado y programado correctamente
[2025-05-02T20:51:50.733Z] 🛰️ Job iniciado y programado correctamente
[2025-05-02T21:10:20.128Z] 🛰️ Job iniciado y programado correctamente
[2025-05-02T21:10:24.356Z] 🟡 Imagen del 2025-05-02 ya existe
[2025-05-02T21:19:34.661Z] 🛰️ Job iniciado y programado correctamente
[2025-05-02T23:14:08.354Z] 🛰️ Job iniciado y programado correctamente
[2025-05-02T23:14:12.783Z] 🛰️ Job iniciado y programado correctamente
[2025-05-02T23:14:35.295Z] 🛰️ Job iniciado y programado correctamente
[2025-05-02T23:14:42.548Z] 🛰️ Job iniciado y programado correctamente
[2025-05-02T23:15:00.714Z] 🛰️ Job iniciado y programado correctamente
[2025-05-02T23:15:08.426Z] 🛰️ Job iniciado y programado correctamente
[2025-05-02T23:17:53.089Z] 🛰️ Job iniciado y programado correctamente
[2025-05-02T23:21:20.343Z] 🛰️ Job iniciado y programado correctamente
[2025-05-02T23:21:26.291Z] 🛰️ Job iniciado y programado correctamente
[2025-05-02T23:21:37.664Z] 🛰️ Job iniciado y programado correctamente
[2025-05-02T23:21:44.444Z] 🛰️ Job iniciado y programado correctamente
[2025-05-02T23:21:53.677Z] 🛰️ Job iniciado y programado correctamente
[2025-05-02T23:21:59.531Z] 🛰️ Job iniciado y programado correctamente
[2025-05-02T23:22:24.227Z] 🛰️ Job iniciado y programado correctamente
[2025-05-02T23:22:27.913Z] 🛰️ Job iniciado y programado correctamente
[2025-05-02T23:33:51.319Z] 🛰️ Job iniciado y programado correctamente
[2025-05-02T23:33:57.358Z] 🛰️ Job iniciado y programado correctamente
[2025-05-02T23:37:31.881Z] 🛰️ Job iniciado y programado correctamente
[2025-05-02T23:37:52.903Z] 🛰️ Job iniciado y programado correctamente
[2025-05-03T00:03:17.387Z] 🛰️ Job iniciado y programado correctamente
[2025-05-03T00:07:50.646Z] 🛰️ Job iniciado y programado correctamente
[2025-05-03T05:05:01.551Z] ✅ Imagen del día guardada: 2025-05-03
[2025-05-03T07:27:47.873Z] 🛰️ Job iniciado y programado correctamente
[2025-05-03T07:40:06.425Z] 🛰️ Job iniciado y programado correctamente
[2025-05-03T07:59:32.788Z] 🛰️ Job iniciado y programado correctamente
[2025-05-03T08:04:17.586Z] 🛰️ Job iniciado y programado correctamente
[2025-05-03T08:10:00.584Z] 🛰️ Job iniciado y programado correctamente
[2025-05-03T08:10:23.828Z] 🛰️ Job iniciado y programado correctamente
[2025-05-03T08:10:33.062Z] 🛰️ Job iniciado y programado correctamente
[2025-05-03T08:11:01.340Z] 🛰️ Job iniciado y programado correctamente
[2025-05-03T08:11:25.829Z] 🛰️ Job iniciado y programado correctamente
[2025-05-03T08:12:59.093Z] 🛰️ Job iniciado y programado correctamente
[2025-05-03T08:15:38.740Z] 🛰️ Job iniciado y programado correctamente
[2025-05-03T08:15:52.894Z] 🛰️ Job iniciado y programado correctamente
[2025-05-03T08:16:10.759Z] 🛰️ Job iniciado y programado correctamente
[2025-05-03T10:03:39.657Z] 🛰️ Job iniciado y programado correctamente
[2025-05-03T10:10:19.089Z] 🛰️ Job iniciado y programado correctamente
[2025-05-03T10:10:54.151Z] 🛰️ Job iniciado y programado correctamente
[2025-05-03T10:12:14.775Z] 🛰️ Job iniciado y programado correctamente
[2025-05-03T10:13:31.796Z] 🛰️ Job iniciado y programado correctamente
[2025-05-03T10:23:26.137Z] 🛰️ Job iniciado y programado correctamente
[2025-05-03T10:23:40.401Z] 🛰️ Job iniciado y programado correctamente
[2025-05-03T10:24:19.475Z] 🛰️ Job iniciado y programado correctamente
[2025-05-03T10:25:58.221Z] 🛰️ Job iniciado y programado correctamente
[2025-05-03T10:26:06.892Z] 🛰️ Job iniciado y programado correctamente
[2025-05-03T10:27:41.884Z] 🛰️ Job iniciado y programado correctamente
[2025-05-03T10:27:49.616Z] 🛰️ Job iniciado y programado correctamente
[2025-05-03T10:28:19.698Z] 🛰️ Job iniciado y programado correctamente
[2025-05-03T10:29:09.580Z] 🛰️ Job iniciado y programado correctamente
[2025-05-03T10:31:50.039Z] 🛰️ Job iniciado y programado correctamente
[2025-05-03T10:38:52.995Z] 🛰️ Job iniciado y programado correctamente
[2025-05-03T10:42:52.102Z] 🛰️ Job iniciado y programado correctamente
[2025-05-03T10:43:02.411Z] 🛰️ Job iniciado y programado correctamente
[2025-05-03T10:50:32.300Z] 🛰️ Job iniciado y programado correctamente
[2025-05-03T10:50:39.991Z] 🛰️ Job iniciado y programado correctamente
[2025-05-03T10:50:49.932Z] 🛰️ Job iniciado y programado correctamente
[2025-05-03T10:55:56.941Z] 🛰️ Job iniciado y programado correctamente
[2025-05-03T10:56:38.951Z] 🛰️ Job iniciado y programado correctamente
[2025-05-03T10:56:41.852Z] 🛰️ Job iniciado y programado correctamente
[2025-05-03T11:07:02.193Z] 🛰️ Job iniciado y programado correctamente
[2025-05-03T11:07:23.718Z] 🛰️ Job iniciado y programado correctamente
[2025-05-03T11:07:32.311Z] 🛰️ Job iniciado y programado correctamente
[2025-05-03T11:28:57.763Z] 🛰️ Job iniciado y programado correctamente
[2025-05-03T11:29:29.163Z] 🛰️ Job iniciado y programado correctamente
[2025-05-03T11:29:37.298Z] 🛰️ Job iniciado y programado correctamente
[2025-05-03T11:29:55.852Z] 🛰️ Job iniciado y programado correctamente
[2025-05-03T11:30:43.683Z] 🛰️ Job iniciado y programado correctamente
[2025-05-03T11:31:11.224Z] 🛰️ Job iniciado y programado correctamente
[2025-05-03T11:33:42.443Z] 🛰️ Job iniciado y programado correctamente
[2025-05-03T11:39:08.003Z] 🛰️ Job iniciado y programado correctamente
[2025-05-03T11:39:25.539Z] 🛰️ Job iniciado y programado correctamente
[2025-05-03T11:39:32.937Z] 🛰️ Job iniciado y programado correctamente
[2025-05-03T11:39:59.008Z] 🛰️ Job iniciado y programado correctamente
[2025-05-03T11:43:16.351Z] 🛰️ Job iniciado y programado correctamente
[2025-05-03T11:43:28.976Z] 🛰️ Job iniciado y programado correctamente
[2025-05-03T11:43:46.534Z] 🛰️ Job iniciado y programado correctamente
[2025-05-03T11:47:41.973Z] 🛰️ Job iniciado y programado correctamente
[2025-05-03T11:52:25.388Z] 🛰️ Job iniciado y programado correctamente
[2025-05-03T11:52:32.022Z] 🛰️ Job iniciado y programado correctamente
[2025-05-03T11:52:37.546Z] 🛰️ Job iniciado y programado correctamente
[2025-05-03T11:53:51.215Z] 🛰️ Job iniciado y programado correctamente
[2025-05-03T12:12:14.367Z] 🛰️ Job iniciado y programado correctamente
[2025-05-03T12:12:23.398Z] 🛰️ Job iniciado y programado correctamente
[2025-05-03T12:16:12.495Z] 🛰️ Job iniciado y programado correctamente
[2025-05-03T12:16:15.118Z] 🛰️ Job iniciado y programado correctamente
[2025-05-03T12:26:38.695Z] 🛰️ Job iniciado y programado correctamente
[2025-05-03T12:28:04.642Z] 🛰️ Job iniciado y programado correctamente
[2025-05-03T12:29:09.421Z] 🛰️ Job iniciado y programado correctamente
[2025-05-03T12:30:00.608Z] 🛰️ Job iniciado y programado correctamente
[2025-05-03T12:37:54.928Z] 🛰️ Job iniciado y programado correctamente
[2025-05-03T12:38:20.211Z] 🛰️ Job iniciado y programado correctamente
[2025-05-03T12:58:18.801Z] 🛰️ Job iniciado y programado correctamente
[2025-05-03T12:59:09.141Z] 🛰️ Job iniciado y programado correctamente
[2025-05-03T13:05:37.066Z] 🛰️ Job iniciado y programado correctamente
[2025-05-03T13:19:54.197Z] 🛰️ Job iniciado y programado correctamente
[2025-05-03T13:38:51.678Z] 🛰️ Job iniciado y programado correctamente
[2025-05-03T13:39:10.209Z] 🛰️ Job iniciado y programado correctamente
[2025-05-03T13:39:16.024Z] 🛰️ Job iniciado y programado correctamente
[2025-05-03T13:39:29.875Z] 🛰️ Job iniciado y programado correctamente
[2025-05-03T13:39:48.655Z] 🛰️ Job iniciado y programado correctamente
[2025-05-03T13:40:25.331Z] 🛰️ Job iniciado y programado correctamente
[2025-05-03T13:40:33.100Z] 🛰️ Job iniciado y programado correctamente
[2025-05-03T13:41:22.155Z] 🛰️ Job iniciado y programado correctamente
[2025-05-03T13:56:06.930Z] 🛰️ Job iniciado y programado correctamente
[2025-05-03T13:59:09.027Z] 🛰️ Job iniciado y programado correctamente
[2025-05-03T14:15:17.375Z] 🛰️ Job iniciado y programado correctamente
[2025-05-03T14:20:48.828Z] 🛰️ Job iniciado y programado correctamente
[2025-05-03T14:20:55.178Z] 🛰️ Job iniciado y programado correctamente
[2025-05-03T14:46:08.822Z] 🛰️ Job iniciado y programado correctamente
[2025-05-03T16:10:44.502Z] 🛰️ Job iniciado y programado correctamente
[2025-05-03T16:11:15.905Z] 🛰️ Job iniciado y programado correctamente
[2025-05-03T18:48:03.173Z] 🛰️ Job iniciado y programado correctamente
[2025-05-03T18:48:29.263Z] 🛰️ Job iniciado y programado correctamente
[2025-05-03T18:48:33.134Z] 🛰️ Job iniciado y programado correctamente
[2025-05-03T18:50:46.770Z] 🛰️ Job iniciado y programado correctamente
[2025-05-03T18:51:44.225Z] 🛰️ Job iniciado y programado correctamente
[2025-05-03T18:52:14.710Z] 🛰️ Job iniciado y programado correctamente
[2025-05-03T18:52:38.231Z] 🛰️ Job iniciado y programado correctamente
[2025-05-04T05:05:01.862Z] ✅ Imagen del día guardada: 2025-05-04
[2025-05-05T05:05:01.791Z] ✅ Imagen del día guardada: 2025-05-05
[2025-05-05T05:49:32.143Z] 🛰️ Job iniciado y programado correctamente
[2025-05-05T19:17:02.762Z] 🛰️ Job iniciado y programado correctamente
[2025-05-05T19:26:33.146Z] 🛰️ Job iniciado y programado correctamente
[2025-05-05T19:27:36.051Z] 🛰️ Job iniciado y programado correctamente
[2025-05-05T19:27:46.029Z] 🛰️ Job iniciado y programado correctamente
[2025-05-05T19:28:44.294Z] 🛰️ Job iniciado y programado correctamente
[2025-05-05T19:28:49.061Z] 🛰️ Job iniciado y programado correctamente
[2025-05-05T19:29:59.583Z] 🛰️ Job iniciado y programado correctamente
[2025-05-05T19:30:02.560Z] 🛰️ Job iniciado y programado correctamente
[2025-05-05T19:30:09.160Z] 🛰️ Job iniciado y programado correctamente
[2025-05-05T19:34:22.880Z] 🛰️ Job iniciado y programado correctamente
[2025-05-05T19:35:17.243Z] 🛰️ Job iniciado y programado correctamente
[2025-05-05T20:42:10.520Z] 🛰️ Job iniciado y programado correctamente
[2025-05-05T20:42:25.407Z] 🛰️ Job iniciado y programado correctamente
[2025-05-05T20:42:55.288Z] 🛰️ Job iniciado y programado correctamente
[2025-05-05T20:43:03.701Z] 🛰️ Job iniciado y programado correctamente
[2025-05-05T20:44:47.806Z] 🛰️ Job iniciado y programado correctamente
[2025-05-05T20:45:22.488Z] 🛰️ Job iniciado y programado correctamente
[2025-05-05T20:46:36.929Z] 🛰️ Job iniciado y programado correctamente
[2025-05-05T20:50:27.978Z] 🛰️ Job iniciado y programado correctamente
[2025-05-05T20:55:10.313Z] 🛰️ Job iniciado y programado correctamente
[2025-05-05T20:56:46.324Z] 🛰️ Job iniciado y programado correctamente
[2025-05-05T20:58:53.890Z] 🛰️ Job iniciado y programado correctamente
[2025-05-05T20:59:00.855Z] 🛰️ Job iniciado y programado correctamente
[2025-05-05T20:59:12.160Z] 🛰️ Job iniciado y programado correctamente
[2025-05-05T20:59:34.736Z] 🛰️ Job iniciado y programado correctamente
[2025-05-05T21:08:04.465Z] 🛰️ Job iniciado y programado correctamente
[2025-05-05T21:08:37.307Z] 🛰️ Job iniciado y programado correctamente
[2025-05-05T21:08:42.578Z] 🛰️ Job iniciado y programado correctamente
[2025-05-05T21:12:58.795Z] 🛰️ Job iniciado y programado correctamente
[2025-05-05T21:13:50.646Z] 🛰️ Job iniciado y programado correctamente
[2025-05-05T21:13:53.632Z] 🛰️ Job iniciado y programado correctamente
[2025-05-05T21:14:17.461Z] 🛰️ Job iniciado y programado correctamente
[2025-05-05T21:14:20.356Z] 🛰️ Job iniciado y programado correctamente
[2025-05-05T21:15:51.738Z] 🛰️ Job iniciado y programado correctamente
[2025-05-05T21:16:52.722Z] 🛰️ Job iniciado y programado correctamente
[2025-05-05T21:17:11.267Z] 🛰️ Job iniciado y programado correctamente
[2025-05-05T21:20:40.834Z] 🛰️ Job iniciado y programado correctamente
[2025-05-05T21:21:18.543Z] 🛰️ Job iniciado y programado correctamente
[2025-05-05T21:23:23.848Z] 🛰️ Job iniciado y programado correctamente
<<<<<<< HEAD
=======
[2025-05-06T17:39:56.068Z] 🛰️ Job iniciado y programado correctamente
[2025-05-06T17:46:35.531Z] 🛰️ Job iniciado y programado correctamente
[2025-05-06T17:46:42.734Z] 🛰️ Job iniciado y programado correctamente
[2025-05-06T17:46:51.429Z] 🛰️ Job iniciado y programado correctamente
[2025-05-06T17:46:58.092Z] 🛰️ Job iniciado y programado correctamente
[2025-05-06T17:49:52.092Z] 🛰️ Job iniciado y programado correctamente
[2025-05-06T17:50:05.464Z] 🛰️ Job iniciado y programado correctamente
[2025-05-06T17:50:10.642Z] 🛰️ Job iniciado y programado correctamente
[2025-05-06T17:53:47.375Z] 🛰️ Job iniciado y programado correctamente
[2025-05-06T17:55:55.687Z] 🛰️ Job iniciado y programado correctamente
[2025-05-06T17:56:08.136Z] 🛰️ Job iniciado y programado correctamente
>>>>>>> 9dbb3a6 (correcciones)
[2025-05-06T18:30:45.909Z] 🛰️ Job iniciado y programado correctamente
[2025-05-06T18:40:13.176Z] 🛰️ Job iniciado y programado correctamente
[2025-05-06T18:41:00.443Z] 🛰️ Job iniciado y programado correctamente
[2025-05-06T18:41:05.397Z] 🛰️ Job iniciado y programado correctamente
[2025-05-07T05:05:02.068Z] ✅ Imagen del día guardada: 2025-05-07
[2025-05-07T17:50:53.891Z] 🛰️ Job iniciado y programado correctamente
[2025-05-07T17:54:19.636Z] 🛰️ Job iniciado y programado correctamente
[2025-05-07T18:07:48.083Z] 🛰️ Job iniciado y programado correctamente
[2025-05-07T18:08:01.652Z] 🛰️ Job iniciado y programado correctamente
[2025-05-07T18:37:58.958Z] 🛰️ Job iniciado y programado correctamente
[2025-05-07T18:38:05.270Z] 🛰️ Job iniciado y programado correctamente
[2025-05-07T18:38:18.098Z] 🛰️ Job iniciado y programado correctamente
[2025-05-07T18:38:23.185Z] 🛰️ Job iniciado y programado correctamente
[2025-05-07T18:38:48.786Z] 🛰️ Job iniciado y programado correctamente
[2025-05-07T18:38:55.568Z] 🛰️ Job iniciado y programado correctamente
[2025-05-07T18:39:00.042Z] 🛰️ Job iniciado y programado correctamente
[2025-05-07T18:39:19.933Z] 🛰️ Job iniciado y programado correctamente
[2025-05-07T18:39:25.588Z] 🛰️ Job iniciado y programado correctamente
[2025-05-07T18:40:12.998Z] 🛰️ Job iniciado y programado correctamente
[2025-05-07T18:44:39.204Z] 🛰️ Job iniciado y programado correctamente
[2025-05-07T18:45:42.955Z] 🛰️ Job iniciado y programado correctamente
[2025-05-07T18:45:49.413Z] 🛰️ Job iniciado y programado correctamente
[2025-05-07T18:47:14.423Z] 🛰️ Job iniciado y programado correctamente
[2025-05-07T19:08:01.469Z] 🛰️ Job iniciado y programado correctamente
[2025-05-07T19:08:06.987Z] 🛰️ Job iniciado y programado correctamente
[2025-05-07T19:15:55.648Z] 🛰️ Job iniciado y programado correctamente
[2025-05-07T19:16:15.847Z] 🛰️ Job iniciado y programado correctamente
[2025-05-07T19:16:20.239Z] 🛰️ Job iniciado y programado correctamente
[2025-05-07T19:16:34.963Z] 🛰️ Job iniciado y programado correctamente
[2025-05-07T19:18:38.020Z] 🛰️ Job iniciado y programado correctamente
[2025-05-07T19:23:54.863Z] 🛰️ Job iniciado y programado correctamente
[2025-05-07T19:23:59.498Z] 🛰️ Job iniciado y programado correctamente
[2025-05-07T19:28:12.147Z] 🛰️ Job iniciado y programado correctamente
[2025-05-07T20:13:50.856Z] 🛰️ Job iniciado y programado correctamente
[2025-05-07T20:16:29.577Z] 🛰️ Job iniciado y programado correctamente
[2025-05-07T20:18:20.632Z] 🛰️ Job iniciado y programado correctamente
[2025-05-07T20:23:24.906Z] 🛰️ Job iniciado y programado correctamente
[2025-05-07T20:26:23.507Z] 🛰️ Job iniciado y programado correctamente
[2025-05-07T20:32:21.910Z] 🛰️ Job iniciado y programado correctamente
[2025-05-07T20:34:56.368Z] 🛰️ Job iniciado y programado correctamente
[2025-05-07T20:37:35.442Z] 🛰️ Job iniciado y programado correctamente
[2025-05-07T20:39:54.112Z] 🛰️ Job iniciado y programado correctamente
[2025-05-07T20:45:24.382Z] 🛰️ Job iniciado y programado correctamente
[2025-05-07T20:57:31.539Z] 🛰️ Job iniciado y programado correctamente
[2025-05-07T20:59:07.357Z] 🛰️ Job iniciado y programado correctamente
[2025-05-07T21:02:50.717Z] 🛰️ Job iniciado y programado correctamente
[2025-05-07T21:04:54.197Z] 🛰️ Job iniciado y programado correctamente
[2025-05-07T21:13:47.674Z] 🛰️ Job iniciado y programado correctamente
[2025-05-07T21:14:08.146Z] 🛰️ Job iniciado y programado correctamente
[2025-05-08T04:52:49.723Z] 🛰️ Job iniciado y programado correctamente
[2025-05-08T04:54:45.302Z] 🛰️ Job iniciado y programado correctamente
[2025-05-08T04:59:03.998Z] 🛰️ Job iniciado y programado correctamente
[2025-05-08T05:01:22.031Z] 🛰️ Job iniciado y programado correctamente
[2025-05-08T05:03:42.493Z] 🛰️ Job iniciado y programado correctamente
[2025-05-08T05:05:01.249Z] ✅ Imagen del día guardada: 2025-05-08
[2025-05-08T17:31:45.279Z] 🛰️ Job iniciado y programado correctamente
[2025-05-08T17:34:14.533Z] 🛰️ Job iniciado y programado correctamente
[2025-05-08T17:36:17.591Z] 🛰️ Job iniciado y programado correctamente
[2025-05-08T17:37:22.493Z] 🛰️ Job iniciado y programado correctamente
[2025-05-08T17:37:26.582Z] 🛰️ Job iniciado y programado correctamente
[2025-05-08T17:39:19.888Z] 🛰️ Job iniciado y programado correctamente
[2025-05-08T17:39:30.631Z] 🛰️ Job iniciado y programado correctamente
[2025-05-08T17:40:16.074Z] 🛰️ Job iniciado y programado correctamente
[2025-05-08T17:40:29.663Z] 🛰️ Job iniciado y programado correctamente
[2025-05-08T17:41:00.148Z] 🛰️ Job iniciado y programado correctamente
[2025-05-08T17:42:16.618Z] 🛰️ Job iniciado y programado correctamente
[2025-05-08T17:42:37.034Z] 🛰️ Job iniciado y programado correctamente
[2025-05-08T17:43:08.265Z] 🛰️ Job iniciado y programado correctamente
[2025-05-08T17:43:18.042Z] 🛰️ Job iniciado y programado correctamente
[2025-05-08T17:43:27.140Z] 🛰️ Job iniciado y programado correctamente
[2025-05-08T17:44:14.836Z] 🛰️ Job iniciado y programado correctamente
[2025-05-08T17:45:31.818Z] 🛰️ Job iniciado y programado correctamente
[2025-05-08T17:45:45.225Z] 🛰️ Job iniciado y programado correctamente
[2025-05-08T17:46:02.928Z] 🛰️ Job iniciado y programado correctamente
[2025-05-08T17:48:49.687Z] 🛰️ Job iniciado y programado correctamente
[2025-05-08T17:51:45.079Z] 🛰️ Job iniciado y programado correctamente
[2025-05-08T18:05:18.536Z] 🛰️ Job iniciado y programado correctamente
[2025-05-08T18:20:11.193Z] 🛰️ Job iniciado y programado correctamente
[2025-05-08T18:26:14.875Z] 🛰️ Job iniciado y programado correctamente
[2025-05-08T18:33:43.155Z] 🛰️ Job iniciado y programado correctamente
[2025-05-08T18:36:08.578Z] 🛰️ Job iniciado y programado correctamente
[2025-05-08T18:41:26.631Z] 🛰️ Job iniciado y programado correctamente
[2025-05-08T19:10:21.664Z] 🛰️ Job iniciado y programado correctamente
[2025-05-08T19:15:43.378Z] 🛰️ Job iniciado y programado correctamente
[2025-05-08T19:21:04.160Z] 🛰️ Job iniciado y programado correctamente
[2025-05-08T19:22:18.977Z] 🛰️ Job iniciado y programado correctamente
[2025-05-08T20:10:19.438Z] 🛰️ Job iniciado y programado correctamente
[2025-05-08T20:10:50.971Z] 🛰️ Job iniciado y programado correctamente
[2025-05-08T20:16:06.791Z] 🛰️ Job iniciado y programado correctamente
[2025-05-08T20:18:17.206Z] 🛰️ Job iniciado y programado correctamente
[2025-05-08T20:18:37.909Z] 🛰️ Job iniciado y programado correctamente
[2025-05-08T20:19:55.026Z] 🛰️ Job iniciado y programado correctamente
[2025-05-08T20:20:08.241Z] 🛰️ Job iniciado y programado correctamente
[2025-05-08T20:21:59.887Z] 🛰️ Job iniciado y programado correctamente
[2025-05-08T20:25:16.715Z] 🛰️ Job iniciado y programado correctamente
[2025-05-08T20:29:37.799Z] 🛰️ Job iniciado y programado correctamente
[2025-05-08T20:29:43.976Z] 🛰️ Job iniciado y programado correctamente
[2025-05-08T20:31:45.896Z] 🛰️ Job iniciado y programado correctamente
[2025-05-08T20:36:13.319Z] 🛰️ Job iniciado y programado correctamente
[2025-05-08T20:36:45.215Z] 🛰️ Job iniciado y programado correctamente
[2025-05-08T20:58:53.635Z] 🛰️ Job iniciado y programado correctamente
[2025-05-08T20:59:14.793Z] 🛰️ Job iniciado y programado correctamente
[2025-05-08T21:08:35.643Z] 🛰️ Job iniciado y programado correctamente
[2025-05-08T21:12:14.951Z] 🛰️ Job iniciado y programado correctamente
[2025-05-08T21:20:40.883Z] 🛰️ Job iniciado y programado correctamente
[2025-05-08T21:25:27.613Z] 🛰️ Job iniciado y programado correctamente
[2025-05-08T21:25:38.460Z] 🛰️ Job iniciado y programado correctamente
[2025-05-08T21:26:17.195Z] 🛰️ Job iniciado y programado correctamente
<<<<<<< HEAD
[2025-05-09T20:55:00.144Z] 🛰️ Job iniciado y programado correctamente
=======
[2025-05-09T05:05:01.748Z] ✅ Imagen del día guardada: 2025-05-09
[2025-05-09T18:02:42.050Z] 🛰️ Job iniciado y programado correctamente
[2025-05-09T18:36:42.434Z] 🛰️ Job iniciado y programado correctamente
[2025-05-09T18:45:17.719Z] 🛰️ Job iniciado y programado correctamente
[2025-05-09T18:45:23.178Z] 🛰️ Job iniciado y programado correctamente
[2025-05-09T18:45:31.038Z] 🛰️ Job iniciado y programado correctamente
[2025-05-09T18:45:50.983Z] 🛰️ Job iniciado y programado correctamente
[2025-05-09T18:45:56.751Z] 🛰️ Job iniciado y programado correctamente
[2025-05-09T18:46:32.752Z] 🛰️ Job iniciado y programado correctamente
[2025-05-09T18:46:39.051Z] 🛰️ Job iniciado y programado correctamente
[2025-05-09T18:46:58.202Z] 🛰️ Job iniciado y programado correctamente
[2025-05-09T18:47:03.263Z] 🛰️ Job iniciado y programado correctamente
[2025-05-09T18:49:40.127Z] 🛰️ Job iniciado y programado correctamente
[2025-05-09T18:50:15.303Z] 🛰️ Job iniciado y programado correctamente
[2025-05-09T19:11:17.964Z] 🛰️ Job iniciado y programado correctamente
[2025-05-09T19:11:22.710Z] 🛰️ Job iniciado y programado correctamente
[2025-05-09T19:12:04.775Z] 🛰️ Job iniciado y programado correctamente
[2025-05-09T19:12:09.572Z] 🛰️ Job iniciado y programado correctamente
[2025-05-09T19:13:52.159Z] 🛰️ Job iniciado y programado correctamente
[2025-05-09T19:15:23.685Z] 🛰️ Job iniciado y programado correctamente
[2025-05-09T19:15:46.346Z] 🛰️ Job iniciado y programado correctamente
[2025-05-09T19:16:32.545Z] 🛰️ Job iniciado y programado correctamente
[2025-05-09T19:19:20.037Z] 🛰️ Job iniciado y programado correctamente
[2025-05-09T19:19:30.468Z] 🛰️ Job iniciado y programado correctamente
[2025-05-09T19:19:47.393Z] 🛰️ Job iniciado y programado correctamente
[2025-05-09T19:19:52.046Z] 🛰️ Job iniciado y programado correctamente
[2025-05-09T19:20:18.046Z] 🛰️ Job iniciado y programado correctamente
[2025-05-09T19:31:59.931Z] 🛰️ Job iniciado y programado correctamente
[2025-05-09T19:32:19.403Z] 🛰️ Job iniciado y programado correctamente
[2025-05-09T19:32:36.604Z] 🛰️ Job iniciado y programado correctamente
[2025-05-09T19:32:42.319Z] 🛰️ Job iniciado y programado correctamente
[2025-05-09T19:33:42.898Z] 🛰️ Job iniciado y programado correctamente
[2025-05-09T19:36:02.861Z] 🛰️ Job iniciado y programado correctamente
[2025-05-09T19:37:20.458Z] 🛰️ Job iniciado y programado correctamente
[2025-05-09T19:37:40.087Z] 🛰️ Job iniciado y programado correctamente
[2025-05-09T19:37:59.597Z] 🛰️ Job iniciado y programado correctamente
[2025-05-09T19:38:10.174Z] 🛰️ Job iniciado y programado correctamente
>>>>>>> f05327471c69bfbfd37d14e24d45c9df0e87643d
[2025-05-09T21:00:20.216Z] 🛰️ Job iniciado y programado correctamente
[2025-05-09T21:08:12.887Z] 🛰️ Job iniciado y programado correctamente
[2025-05-09T22:28:47.038Z] 🛰️ Job iniciado y programado correctamente
[2025-05-09T22:29:20.849Z] 🛰️ Job iniciado y programado correctamente
[2025-05-09T22:29:35.008Z] 🛰️ Job iniciado y programado correctamente
[2025-05-09T22:34:41.694Z] 🛰️ Job iniciado y programado correctamente
[2025-05-09T22:35:03.577Z] 🛰️ Job iniciado y programado correctamente
[2025-05-09T22:37:14.412Z] 🛰️ Job iniciado y programado correctamente
[2025-05-09T22:37:49.865Z] 🛰️ Job iniciado y programado correctamente
[2025-05-09T22:37:57.448Z] 🛰️ Job iniciado y programado correctamente
[2025-05-09T22:48:48.327Z] 🛰️ Job iniciado y programado correctamente
[2025-05-10T00:00:06.088Z] 🛰️ Job iniciado y programado correctamente
[2025-05-10T00:00:12.287Z] 🛰️ Job iniciado y programado correctamente
[2025-05-10T00:00:27.379Z] 🛰️ Job iniciado y programado correctamente
[2025-05-10T00:00:32.360Z] 🛰️ Job iniciado y programado correctamente
[2025-05-10T00:01:02.476Z] 🛰️ Job iniciado y programado correctamente
[2025-05-10T00:01:18.125Z] 🛰️ Job iniciado y programado correctamente
[2025-05-10T00:23:50.908Z] 🛰️ Job iniciado y programado correctamente
[2025-05-10T00:23:59.318Z] 🛰️ Job iniciado y programado correctamente
[2025-05-10T00:26:10.672Z] 🛰️ Job iniciado y programado correctamente
[2025-05-10T00:27:00.633Z] 🛰️ Job iniciado y programado correctamente
[2025-05-10T00:27:25.907Z] 🛰️ Job iniciado y programado correctamente
[2025-05-10T00:35:40.551Z] 🛰️ Job iniciado y programado correctamente
[2025-05-10T00:37:19.784Z] 🛰️ Job iniciado y programado correctamente
[2025-05-10T00:39:03.450Z] 🛰️ Job iniciado y programado correctamente
[2025-05-10T00:40:06.362Z] 🛰️ Job iniciado y programado correctamente
[2025-05-10T00:41:46.354Z] 🛰️ Job iniciado y programado correctamente
[2025-05-10T05:05:01.507Z] ✅ Imagen del día guardada: 2025-05-10
[2025-05-10T08:03:02.277Z] 🛰️ Job iniciado y programado correctamente
[2025-05-10T08:26:46.297Z] 🛰️ Job iniciado y programado correctamente
[2025-05-10T08:26:56.070Z] 🛰️ Job iniciado y programado correctamente
[2025-05-10T08:32:26.466Z] 🛰️ Job iniciado y programado correctamente
[2025-05-10T08:32:45.514Z] 🛰️ Job iniciado y programado correctamente
[2025-05-10T08:39:02.366Z] 🛰️ Job iniciado y programado correctamente
[2025-05-10T22:05:56.865Z] 🛰️ Job iniciado y programado correctamente
[2025-05-10T22:06:05.373Z] 🛰️ Job iniciado y programado correctamente
[2025-05-10T22:06:20.607Z] 🛰️ Job iniciado y programado correctamente
[2025-05-10T22:06:38.997Z] 🛰️ Job iniciado y programado correctamente
[2025-05-10T22:06:45.400Z] 🛰️ Job iniciado y programado correctamente
[2025-05-10T22:07:08.864Z] 🛰️ Job iniciado y programado correctamente
[2025-05-10T22:07:19.853Z] 🛰️ Job iniciado y programado correctamente
[2025-05-10T23:02:43.025Z] 🛰️ Job iniciado y programado correctamente
[2025-05-10T23:03:02.887Z] 🛰️ Job iniciado y programado correctamente
[2025-05-10T23:03:12.508Z] 🛰️ Job iniciado y programado correctamente
[2025-05-10T23:11:42.229Z] 🛰️ Job iniciado y programado correctamente
[2025-05-10T23:23:34.911Z] 🛰️ Job iniciado y programado correctamente
[2025-05-10T23:41:12.011Z] 🛰️ Job iniciado y programado correctamente
[2025-05-10T23:45:27.713Z] 🛰️ Job iniciado y programado correctamente
[2025-05-10T23:46:32.619Z] 🛰️ Job iniciado y programado correctamente
[2025-05-10T23:50:42.825Z] 🛰️ Job iniciado y programado correctamente
[2025-05-10T23:50:47.480Z] 🛰️ Job iniciado y programado correctamente
[2025-05-10T23:54:49.107Z] 🛰️ Job iniciado y programado correctamente
[2025-05-11T05:05:01.382Z] ✅ Imagen del día guardada: 2025-05-11
[2025-05-11T06:33:10.027Z] 🛰️ Job iniciado y programado correctamente
[2025-05-11T06:37:23.371Z] 🛰️ Job iniciado y programado correctamente
[2025-05-11T06:37:28.141Z] 🛰️ Job iniciado y programado correctamente
[2025-05-11T07:00:40.017Z] 🛰️ Job iniciado y programado correctamente
[2025-05-11T07:02:06.479Z] 🛰️ Job iniciado y programado correctamente
[2025-05-11T07:03:17.305Z] 🛰️ Job iniciado y programado correctamente
[2025-05-11T07:04:26.748Z] 🛰️ Job iniciado y programado correctamente
[2025-05-11T07:05:39.871Z] 🛰️ Job iniciado y programado correctamente
[2025-05-11T07:05:57.711Z] 🛰️ Job iniciado y programado correctamente
[2025-05-11T07:06:19.208Z] 🛰️ Job iniciado y programado correctamente
[2025-05-11T07:08:07.434Z] 🛰️ Job iniciado y programado correctamente
[2025-05-11T07:08:16.940Z] 🛰️ Job iniciado y programado correctamente
[2025-05-11T07:08:50.256Z] 🛰️ Job iniciado y programado correctamente
[2025-05-11T07:10:31.556Z] 🛰️ Job iniciado y programado correctamente
[2025-05-11T07:34:14.127Z] 🛰️ Job iniciado y programado correctamente
[2025-05-11T07:34:22.221Z] 🛰️ Job iniciado y programado correctamente
[2025-05-11T07:35:02.035Z] 🛰️ Job iniciado y programado correctamente
[2025-05-11T07:41:56.198Z] 🛰️ Job iniciado y programado correctamente
[2025-05-11T08:08:03.775Z] 🛰️ Job iniciado y programado correctamente
[2025-05-11T08:09:46.791Z] 🛰️ Job iniciado y programado correctamente
[2025-05-11T08:54:31.742Z] 🛰️ Job iniciado y programado correctamente
[2025-05-11T08:55:39.155Z] 🛰️ Job iniciado y programado correctamente
[2025-05-11T08:56:42.660Z] 🛰️ Job iniciado y programado correctamente
[2025-05-11T08:57:56.970Z] 🛰️ Job iniciado y programado correctamente
[2025-05-11T08:58:34.716Z] 🛰️ Job iniciado y programado correctamente
[2025-05-11T08:59:06.687Z] 🛰️ Job iniciado y programado correctamente
[2025-05-11T09:00:39.097Z] 🛰️ Job iniciado y programado correctamente
[2025-05-11T09:01:06.347Z] 🛰️ Job iniciado y programado correctamente
[2025-05-11T09:08:57.741Z] 🛰️ Job iniciado y programado correctamente
[2025-05-11T09:09:02.940Z] 🛰️ Job iniciado y programado correctamente
[2025-05-11T09:11:19.325Z] 🛰️ Job iniciado y programado correctamente
[2025-05-11T09:22:51.813Z] 🛰️ Job iniciado y programado correctamente
[2025-05-11T09:29:35.249Z] 🛰️ Job iniciado y programado correctamente
[2025-05-11T09:30:03.843Z] 🛰️ Job iniciado y programado correctamente
[2025-05-11T09:31:30.583Z] 🛰️ Job iniciado y programado correctamente
[2025-05-11T09:32:13.647Z] 🛰️ Job iniciado y programado correctamente
[2025-05-11T09:32:32.750Z] 🛰️ Job iniciado y programado correctamente
[2025-05-11T09:42:34.071Z] 🛰️ Job iniciado y programado correctamente
[2025-05-11T10:34:00.278Z] 🛰️ Job iniciado y programado correctamente
[2025-05-11T10:37:53.315Z] 🛰️ Job iniciado y programado correctamente
[2025-05-11T11:09:18.994Z] 🛰️ Job iniciado y programado correctamente
[2025-05-11T11:15:33.326Z] 🛰️ Job iniciado y programado correctamente
[2025-05-11T11:17:14.790Z] 🛰️ Job iniciado y programado correctamente
[2025-05-11T11:17:30.242Z] 🛰️ Job iniciado y programado correctamente
[2025-05-11T11:17:35.096Z] 🛰️ Job iniciado y programado correctamente
[2025-05-11T11:50:58.013Z] 🛰️ Job iniciado y programado correctamente
[2025-05-11T11:56:34.988Z] 🛰️ Job iniciado y programado correctamente
[2025-05-11T12:01:40.934Z] 🛰️ Job iniciado y programado correctamente
[2025-05-11T12:02:10.714Z] 🛰️ Job iniciado y programado correctamente
[2025-05-11T12:02:16.517Z] 🛰️ Job iniciado y programado correctamente
[2025-05-11T12:10:35.805Z] 🛰️ Job iniciado y programado correctamente
[2025-05-12T05:05:01.810Z] ✅ Imagen del día guardada: 2025-05-12
[2025-05-12T05:49:10.009Z] 🛰️ Job iniciado y programado correctamente
[2025-05-12T15:44:54.568Z] 🛰️ Job iniciado y programado correctamente
[2025-05-12T15:48:41.086Z] 🛰️ Job iniciado y programado correctamente
[2025-05-12T15:59:21.341Z] 🛰️ Job iniciado y programado correctamente
[2025-05-12T16:23:26.917Z] 🛰️ Job iniciado y programado correctamente
[2025-05-12T16:23:35.438Z] 🛰️ Job iniciado y programado correctamente
[2025-05-12T16:23:55.064Z] 🛰️ Job iniciado y programado correctamente
[2025-05-12T16:24:00.521Z] 🛰️ Job iniciado y programado correctamente
[2025-05-12T16:27:06.150Z] 🛰️ Job iniciado y programado correctamente
[2025-05-12T16:27:26.630Z] 🛰️ Job iniciado y programado correctamente
[2025-05-12T16:27:43.500Z] 🛰️ Job iniciado y programado correctamente
[2025-05-12T16:28:16.972Z] 🛰️ Job iniciado y programado correctamente
[2025-05-12T16:28:22.905Z] 🛰️ Job iniciado y programado correctamente
[2025-05-12T16:30:37.489Z] 🛰️ Job iniciado y programado correctamente
[2025-05-12T16:41:23.635Z] 🛰️ Job iniciado y programado correctamente
[2025-05-12T18:19:19.490Z] 🛰️ Job iniciado y programado correctamente
[2025-05-12T18:20:27.784Z] 🛰️ Job iniciado y programado correctamente
[2025-05-12T18:22:53.420Z] 🛰️ Job iniciado y programado correctamente
[2025-05-12T18:25:56.879Z] 🛰️ Job iniciado y programado correctamente
[2025-05-12T18:27:21.974Z] 🛰️ Job iniciado y programado correctamente
[2025-05-12T19:10:03.136Z] 🛰️ Job iniciado y programado correctamente
[2025-05-12T19:10:33.451Z] 🛰️ Job iniciado y programado correctamente
[2025-05-12T19:28:35.863Z] 🛰️ Job iniciado y programado correctamente
[2025-05-12T19:29:12.438Z] 🛰️ Job iniciado y programado correctamente
[2025-05-12T19:56:08.409Z] 🛰️ Job iniciado y programado correctamente
[2025-05-12T19:56:36.273Z] 🛰️ Job iniciado y programado correctamente
[2025-05-12T19:59:15.744Z] 🛰️ Job iniciado y programado correctamente
[2025-05-12T20:31:58.894Z] 🛰️ Job iniciado y programado correctamente
[2025-05-12T20:32:51.358Z] 🛰️ Job iniciado y programado correctamente
[2025-05-13T05:05:01.747Z] 🟡 Imagen del 2025-05-13 ya existe, no se insertó
[2025-05-13T15:34:43.596Z] 🛰️ Job iniciado y programado correctamente
[2025-05-13T16:11:31.482Z] 🛰️ Job iniciado y programado correctamente
[2025-05-13T16:12:04.710Z] 🛰️ Job iniciado y programado correctamente
[2025-05-13T16:23:38.787Z] 🛰️ Job iniciado y programado correctamente
[2025-05-13T16:23:47.003Z] 🛰️ Job iniciado y programado correctamente
[2025-05-13T16:23:51.859Z] 🛰️ Job iniciado y programado correctamente
[2025-05-13T17:08:19.593Z] 🛰️ Job iniciado y programado correctamente
[2025-05-13T17:16:41.481Z] 🛰️ Job iniciado y programado correctamente
[2025-05-13T17:16:48.269Z] 🛰️ Job iniciado y programado correctamente
[2025-05-13T17:17:38.904Z] 🛰️ Job iniciado y programado correctamente
[2025-05-13T17:28:39.991Z] 🛰️ Job iniciado y programado correctamente
[2025-05-13T17:29:08.965Z] 🛰️ Job iniciado y programado correctamente
[2025-05-13T17:29:23.273Z] 🛰️ Job iniciado y programado correctamente
[2025-05-13T17:31:10.376Z] 🛰️ Job iniciado y programado correctamente
[2025-05-13T18:51:10.754Z] 🛰️ Job iniciado y programado correctamente
[2025-05-13T18:51:40.662Z] 🛰️ Job iniciado y programado correctamente
[2025-05-13T18:51:44.405Z] 🛰️ Job iniciado y programado correctamente
